{
  "asm": [
    {
      "labels": [],
      "source": {
        "column": 1,
        "file": null,
        "line": 4
      },
      "text": "        ret"
    }
  ],
  "labelDefinitions": {}
}
